// Jest Snapshot v1, https://goo.gl/fbAQLP

exports[`Modal should render the Modal component 1`] = `<div />`;
