// Jest Snapshot v1, https://goo.gl/fbAQLP

exports[`Error should render successfully 1`] = `
<div>
  <div
    class="error-text"
  >
    <h1>
      Oops... Something wrong happened
    </h1>
  </div>
</div>
`;
